
> baremetal@0.0.0 build
> tsc -b && vite build

src/App.tsx(2,46): error TS2307: Cannot find module 'react-router-dom' or its corresponding type declarations.
src/components/editor/AssemblyView.tsx(1,24): error TS2307: Cannot find module 'framer-motion' or its corresponding type declarations.
src/components/editor/AssemblyView.tsx(16,18): error TS7053: Element implicitly has an 'any' type because expression of type 'any' can't be used to index type 'Record<Language, { name: string; extension: string; color: string; monacoId: string; }>'.
src/components/editor/MonacoWrapper.tsx(1,33): error TS2307: Cannot find module '@monaco-editor/react' or its corresponding type declarations.
src/components/editor/MonacoWrapper.tsx(3,40): error TS1484: 'Language' is a type and must be imported using a type-only import when 'verbatimModuleSyntax' is enabled.
src/components/editor/MonacoWrapper.tsx(25,18): error TS7053: Element implicitly has an 'any' type because expression of type 'any' can't be used to index type 'Record<Language, { name: string; extension: string; color: string; monacoId: string; }>'.
src/components/editor/MonacoWrapper.tsx(27,42): error TS7006: Parameter 'editor' implicitly has an 'any' type.
src/components/editor/MonacoWrapper.tsx(27,50): error TS7006: Parameter 'monaco' implicitly has an 'any' type.
src/components/editor/MonacoWrapper.tsx(115,22): error TS7006: Parameter 'value' implicitly has an 'any' type.
src/components/layout/AppShell.tsx(1,10): error TS1484: 'ReactNode' is a type and must be imported using a type-only import when 'verbatimModuleSyntax' is enabled.
src/components/layout/AppShell.tsx(2,38): error TS2307: Cannot find module 'react-router-dom' or its corresponding type declarations.
src/components/layout/AppShell.tsx(3,41): error TS2307: Cannot find module 'framer-motion' or its corresponding type declarations.
src/components/layout/AppShell.tsx(60,31): error TS7031: Binding element 'isActive' implicitly has an 'any' type.
src/components/layout/AppShell.tsx(68,21): error TS7031: Binding element 'isActive' implicitly has an 'any' type.
src/components/layout/HackerNavbar.tsx(2,24): error TS2307: Cannot find module 'framer-motion' or its corresponding type declarations.
src/components/layout/HackerNavbar.tsx(44,18): error TS7053: Element implicitly has an 'any' type because expression of type 'any' can't be used to index type 'Record<Language, { name: string; extension: string; color: string; monacoId: string; }>'.
src/components/visualizer/concurrency/LaneTrack.tsx(1,41): error TS2307: Cannot find module 'framer-motion' or its corresponding type declarations.
src/components/visualizer/concurrency/LaneTrack.tsx(2,22): error TS2307: Cannot find module '../../store/useLabStore' or its corresponding type declarations.
src/components/visualizer/concurrency/LaneTrack.tsx(95,3): error TS6133: 'mode' is declared but its value is never read.
src/components/visualizer/concurrency/ParticleSwarm.tsx(1,29): error TS6133: 'useState' is declared but its value is never read.
src/components/visualizer/concurrency/ParticleSwarm.tsx(2,24): error TS2307: Cannot find module 'framer-motion' or its corresponding type declarations.
src/components/visualizer/concurrency/ParticleSwarm.tsx(22,24): error TS2554: Expected 1 arguments, but got 0.
src/components/visualizer/memory/BlockGrid.tsx(1,41): error TS2307: Cannot find module 'framer-motion' or its corresponding type declarations.
src/components/visualizer/memory/BlockGrid.tsx(2,29): error TS2307: Cannot find module '../../store/useLabStore' or its corresponding type declarations.
src/components/visualizer/memory/TetherLine.tsx(1,10): error TS6133: 'useEffect' is declared but its value is never read.
src/components/visualizer/memory/TetherLine.tsx(2,41): error TS2307: Cannot find module 'framer-motion' or its corresponding type declarations.
src/hooks/useGodbolt.ts(2,23): error TS1484: 'Language' is a type and must be imported using a type-only import when 'verbatimModuleSyntax' is enabled.
src/hooks/useGodbolt.ts(160,26): error TS6133: 'lineNum' is declared but its value is never read.
src/hooks/useHeuristicParser.ts(1,10): error TS6133: 'useMemo' is declared but its value is never read.
src/hooks/useHeuristicParser.ts(2,10): error TS1484: 'Language' is a type and must be imported using a type-only import when 'verbatimModuleSyntax' is enabled.
src/pages/Home.tsx(2,22): error TS2307: Cannot find module 'react-router-dom' or its corresponding type declarations.
src/pages/Home.tsx(3,24): error TS2307: Cannot find module 'framer-motion' or its corresponding type declarations.
src/pages/labs/CompilerLab.tsx(2,24): error TS2307: Cannot find module 'framer-motion' or its corresponding type declarations.
src/pages/labs/CompilerLab.tsx(11,23): error TS6133: 'setHoveredLine' is declared but its value is never read.
src/pages/labs/CompilerLab.tsx(13,18): error TS7053: Element implicitly has an 'any' type because expression of type 'any' can't be used to index type 'Record<Language, { name: string; extension: string; color: string; monacoId: string; }>'.
src/pages/labs/ConcurrencyLab.tsx(2,41): error TS2307: Cannot find module 'framer-motion' or its corresponding type declarations.
src/pages/labs/ConcurrencyLab.tsx(6,23): error TS1484: 'Task' is a type and must be imported using a type-only import when 'verbatimModuleSyntax' is enabled.
src/pages/labs/ConcurrencyLab.tsx(51,25): error TS2554: Expected 1 arguments, but got 0.
src/pages/labs/ConcurrencyLab.tsx(54,18): error TS7053: Element implicitly has an 'any' type because expression of type 'any' can't be used to index type 'Record<Language, { name: string; extension: string; color: string; monacoId: string; }>'.
src/pages/labs/ConcurrencyLab.tsx(98,9): error TS6133: 'lastUpdate' is declared but its value is never read.
src/pages/labs/ConcurrencyLab.tsx(106,22): error TS7006: Parameter 'task' implicitly has an 'any' type.
src/pages/labs/ConcurrencyLab.tsx(110,13): error TS7006: Parameter 't' implicitly has an 'any' type.
src/pages/labs/ConcurrencyLab.tsx(133,22): error TS7006: Parameter 't' implicitly has an 'any' type.
src/pages/labs/ConcurrencyLab.tsx(306,64): error TS7006: Parameter 't' implicitly has an 'any' type.
src/pages/labs/ConcurrencyLab.tsx(310,65): error TS7006: Parameter 't' implicitly has an 'any' type.
src/pages/labs/ConcurrencyLab.tsx(314,64): error TS7006: Parameter 't' implicitly has an 'any' type.
src/pages/labs/ConcurrencyLab.tsx(318,64): error TS7006: Parameter 't' implicitly has an 'any' type.
src/pages/labs/CostLab.tsx(1,20): error TS6133: 'useEffect' is declared but its value is never read.
src/pages/labs/CostLab.tsx(2,41): error TS2307: Cannot find module 'framer-motion' or its corresponding type declarations.
src/pages/labs/CostLab.tsx(4,30): error TS1484: 'LineCost' is a type and must be imported using a type-only import when 'verbatimModuleSyntax' is enabled.
src/pages/labs/CostLab.tsx(4,40): error TS1484: 'CostLevel' is a type and must be imported using a type-only import when 'verbatimModuleSyntax' is enabled.
src/pages/labs/CostLab.tsx(20,18): error TS7053: Element implicitly has an 'any' type because expression of type 'any' can't be used to index type 'Record<Language, { name: string; extension: string; color: string; monacoId: string; }>'.
src/pages/labs/MemoryLab.tsx(2,18): error TS6133: 'AnimatePresence' is declared but its value is never read.
src/pages/labs/MemoryLab.tsx(2,41): error TS2307: Cannot find module 'framer-motion' or its corresponding type declarations.
src/pages/labs/MemoryLab.tsx(5,23): error TS1484: 'MemoryBlock' is a type and must be imported using a type-only import when 'verbatimModuleSyntax' is enabled.
src/pages/labs/MemoryLab.tsx(24,5): error TS6133: 'isSimulating' is declared but its value is never read.
src/pages/labs/MemoryLab.tsx(25,5): error TS6133: 'setIsSimulating' is declared but its value is never read.
src/pages/labs/MemoryLab.tsx(32,18): error TS7053: Element implicitly has an 'any' type because expression of type 'any' can't be used to index type 'Record<Language, { name: string; extension: string; color: string; monacoId: string; }>'.
src/pages/labs/MemoryLab.tsx(70,9): error TS6133: 'addRef' is declared but its value is never read.
src/pages/labs/MemoryLab.tsx(72,39): error TS7006: Parameter 'b' implicitly has an 'any' type.
src/pages/labs/MemoryLab.tsx(82,39): error TS7006: Parameter 'b' implicitly has an 'any' type.
src/pages/labs/MemoryLab.tsx(97,9): error TS6133: 'transferOwnership' is declared but its value is never read.
src/pages/labs/MemoryLab.tsx(106,47): error TS7006: Parameter 'b' implicitly has an 'any' type.
src/pages/labs/MemoryLab.tsx(109,29): error TS7006: Parameter 'b' implicitly has an 'any' type.
src/pages/labs/MemoryLab.tsx(113,31): error TS7006: Parameter 'b' implicitly has an 'any' type.
src/pages/labs/MemoryLab.tsx(129,48): error TS7006: Parameter 'b' implicitly has an 'any' type.
src/pages/labs/MemoryLab.tsx(140,15): error TS7006: Parameter 'b' implicitly has an 'any' type.
src/pages/labs/MemoryLab.tsx(141,16): error TS7006: Parameter 'b' implicitly has an 'any' type.
src/pages/labs/MemoryLab.tsx(146,17): error TS7006: Parameter 'b' implicitly has an 'any' type.
src/pages/labs/MemoryLab.tsx(147,18): error TS7006: Parameter 'b' implicitly has an 'any' type.
src/pages/labs/MemoryLab.tsx(153,17): error TS7006: Parameter 'b' implicitly has an 'any' type.
src/pages/labs/MemoryLab.tsx(154,18): error TS7006: Parameter 'b' implicitly has an 'any' type.
src/pages/labs/SafetyLab.tsx(2,41): error TS2307: Cannot find module 'framer-motion' or its corresponding type declarations.
src/pages/labs/SafetyLab.tsx(4,40): error TS1484: 'Language' is a type and must be imported using a type-only import when 'verbatimModuleSyntax' is enabled.
src/pages/labs/SafetyLab.tsx(141,18): error TS7053: Element implicitly has an 'any' type because expression of type 'any' can't be used to index type 'Record<Language, { name: string; extension: string; color: string; monacoId: string; }>'.
src/pages/labs/SafetyLab.tsx(145,21): error TS7053: Element implicitly has an 'any' type because expression of type 'any' can't be used to index type 'Record<Language, Record<CrashType, Outcome>>'.
src/pages/labs/SafetyLab.tsx(208,31): error TS7053: Element implicitly has an 'any' type because expression of type 'any' can't be used to index type 'Record<Language, Record<CrashType, Outcome>>'.
src/pages/labs/SafetyLab.tsx(247,23): error TS7053: Element implicitly has an 'any' type because expression of type 'any' can't be used to index type 'Record<Language, string>'.
src/pages/labs/SafetyLab.tsx(249,26): error TS7053: Element implicitly has an 'any' type because expression of type 'any' can't be used to index type 'Record<Language, Record<CrashType, Outcome>>'.
src/pages/labs/SafetyLab.tsx(309,9): error TS6133: 'config' is declared but its value is never read.
src/store/useLabStore.ts(1,24): error TS2307: Cannot find module 'zustand' or its corresponding type declarations.
src/store/useLabStore.ts(133,46): error TS7006: Parameter 'set' implicitly has an 'any' type.
src/store/useLabStore.ts(136,19): error TS7006: Parameter 'language' implicitly has an 'any' type.
src/store/useLabStore.ts(136,54): error TS7053: Element implicitly has an 'any' type because expression of type 'any' can't be used to index type 'Record<Language, string>'.
src/store/useLabStore.ts(140,15): error TS7006: Parameter 'code' implicitly has an 'any' type.
src/store/useLabStore.ts(144,17): error TS7006: Parameter 'output' implicitly has an 'any' type.
src/store/useLabStore.ts(146,20): error TS7006: Parameter 'isLoading' implicitly has an 'any' type.
src/store/useLabStore.ts(150,22): error TS7006: Parameter 'block' implicitly has an 'any' type.
src/store/useLabStore.ts(150,37): error TS7006: Parameter 'state' implicitly has an 'any' type.
src/store/useLabStore.ts(153,25): error TS7006: Parameter 'id' implicitly has an 'any' type.
src/store/useLabStore.ts(153,37): error TS7006: Parameter 'state' implicitly has an 'any' type.
src/store/useLabStore.ts(154,49): error TS7006: Parameter 'b' implicitly has an 'any' type.
src/store/useLabStore.ts(156,25): error TS7006: Parameter 'id' implicitly has an 'any' type.
src/store/useLabStore.ts(156,29): error TS7006: Parameter 'updates' implicitly has an 'any' type.
src/store/useLabStore.ts(156,46): error TS7006: Parameter 'state' implicitly has an 'any' type.
src/store/useLabStore.ts(157,46): error TS7006: Parameter 'b' implicitly has an 'any' type.
src/store/useLabStore.ts(165,15): error TS7006: Parameter 'task' implicitly has an 'any' type.
src/store/useLabStore.ts(165,29): error TS7006: Parameter 'state' implicitly has an 'any' type.
src/store/useLabStore.ts(166,18): error TS7006: Parameter 'id' implicitly has an 'any' type.
src/store/useLabStore.ts(166,22): error TS7006: Parameter 'updates' implicitly has an 'any' type.
src/store/useLabStore.ts(166,39): error TS7006: Parameter 'state' implicitly has an 'any' type.
src/store/useLabStore.ts(167,32): error TS7006: Parameter 't' implicitly has an 'any' type.
src/store/useLabStore.ts(173,28): error TS7006: Parameter 'state' implicitly has an 'any' type.
src/store/useLabStore.ts(177,23): error TS7006: Parameter 'isSimulating' implicitly has an 'any' type.
src/store/useLabStore.ts(179,26): error TS7006: Parameter 'simulationSpeed' implicitly has an 'any' type.
